Program(ExternFunction(print_int,VoidType,VarDef(IntType)),ExternFunction(print_string,VoidType,VarDef(StringType)),Package(bitshift_small,None,Method(main,BoolType,None,MethodBlock(VarDef(_,IntType),VarDef(__,IntType),VarDef(___,IntType),AssignVar(_,NumberExpr(4)),AssignVar(__,NumberExpr(3)),AssignVar(___,BinaryExpr(Leftshift,VariableExpr(_),VariableExpr(__))),MethodCall(print_int,BinaryExpr(Rightshift,VariableExpr(___),NumberExpr(2))),MethodCall(print_string,StringConstant("\n")),MethodCall(print_int,BinaryExpr(Rightshift,VariableExpr(___),NumberExpr(5))),MethodCall(print_string,StringConstant("\n")),MethodCall(print_int,BinaryExpr(Rightshift,VariableExpr(___),NumberExpr(6))),MethodCall(print_string,StringConstant("\n")),ReturnStmt(NumberExpr(0))))))
