Program(ExternFunction(print_int,VoidType,VarDef(IntType)),ExternFunction(print_string,VoidType,VarDef(StringType)),Package(bitshift_large,None,Method(main,BoolType,None,MethodBlock(VarDef(_,IntType),VarDef(__,IntType),VarDef(___,IntType),AssignVar(_,NumberExpr(4)),AssignVar(__,NumberExpr(2)),AssignVar(___,BinaryExpr(Rightshift,VariableExpr(_),VariableExpr(__))),MethodCall(print_int,BinaryExpr(Leftshift,VariableExpr(___),NumberExpr(30))),MethodCall(print_string,StringConstant("\n")),MethodCall(print_int,BinaryExpr(Leftshift,VariableExpr(___),NumberExpr(31))),MethodCall(print_string,StringConstant("\n")),ReturnStmt(BoolExpr(False))))))
