Program(ExternFunction(print_string,VoidType,VarDef(StringType)),ExternFunction(print_int,VoidType,VarDef(IntType)),Package(breaktest,None,Method(main,IntType,None,MethodBlock(VarDef(i,IntType),ForStmt(AssignVar(i,NumberExpr(0)),BinaryExpr(Lt,VariableExpr(i),NumberExpr(20)),AssignVar(i,BinaryExpr(Plus,VariableExpr(i),NumberExpr(1))),Block(None,IfStmt(BinaryExpr(Gt,VariableExpr(i),NumberExpr(1)),Block(None,IfStmt(BinaryExpr(Gt,VariableExpr(i),NumberExpr(2)),Block(None,IfStmt(BinaryExpr(Gt,VariableExpr(i),NumberExpr(3)),Block(None,IfStmt(BinaryExpr(Lt,VariableExpr(i),NumberExpr(10)),Block(None,ContinueStmt,MethodCall(print_int,NumberExpr(3)),BreakStmt),Block(None,IfStmt(BinaryExpr(Lt,VariableExpr(i),NumberExpr(15)),Block(None,WhileStmt(BoolExpr(True),Block(None,BreakStmt,BreakStmt)),MethodCall(print_int,VariableExpr(i)),BreakStmt),None)))),None)),None)),None)))))))
