Program(ExternFunction(print_int,VoidType,VarDef(IntType)),ExternFunction(print_string,VoidType,VarDef(StringType)),Package(float,None,Method(main,IntType,None,MethodBlock(VarDef(x,IntType),VarDef(y,IntType),AssignVar(x,UnaryExpr(UnaryMinus,NumberExpr(14))),AssignVar(y,NumberExpr(13)),MethodCall(print_int,VariableExpr(x)),MethodCall(print_string,StringConstant("/")),MethodCall(print_int,VariableExpr(y)),MethodCall(print_string,StringConstant(" = ")),MethodCall(print_int,BinaryExpr(Div,VariableExpr(x),VariableExpr(y))),MethodCall(print_string,StringConstant(".")),MethodCall(print_int,MethodCall(abs,BinaryExpr(Minus,BinaryExpr(Div,BinaryExpr(Mult,VariableExpr(x),NumberExpr(10000000)),VariableExpr(y)),BinaryExpr(Mult,BinaryExpr(Div,VariableExpr(x),VariableExpr(y)),NumberExpr(10000000))))),MethodCall(print_string,StringConstant("\n")))),Method(abs,IntType,VarDef(x,IntType),MethodBlock(None,IfStmt(BinaryExpr(Gt,VariableExpr(x),NumberExpr(0)),Block(None,ReturnStmt(VariableExpr(x))),None),ReturnStmt(UnaryExpr(UnaryMinus,VariableExpr(x)))))))
