Program(ExternFunction(print_string,VoidType,VarDef(StringType)),ExternFunction(print_int,VoidType,VarDef(IntType)),Package(reach,None,Method(five,IntType,None,MethodBlock(None,ReturnStmt(MethodCall(five,None)))),Method(main,IntType,None,MethodBlock(VarDef(x,IntType),MethodCall(print_string,StringConstant("hello\n")),ReturnStmt(NumberExpr(0)),AssignVar(x,NumberExpr(5)),ForStmt(AssignVar(x,NumberExpr(0)),BinaryExpr(Geq,VariableExpr(x),NumberExpr(0)),AssignVar(x,BinaryExpr(Plus,VariableExpr(x),NumberExpr(1))),Block(None,ContinueStmt,AssignVar(x,BinaryExpr(Div,MethodCall(five,None),NumberExpr(32))))),ReturnStmt(VariableExpr(x))))))
