Program(ExternFunction(print_string,VoidType,VarDef(StringType)),ExternFunction(print_int,VoidType,VarDef(IntType)),Package(byone,FieldDecl(fin,IntType,Array(20)),Method(main,IntType,None,MethodBlock(VarDef(i,IntType),MethodCall(print_string,StringConstant("hello\n")),AssignVar(i,NumberExpr(0)),IfStmt(BinaryExpr(Gt,NumberExpr(2),VariableExpr(i)),Block(VarDef(i,IntType),AssignVar(i,NumberExpr(2))),None),IfStmt(BinaryExpr(Lt,NumberExpr(2),VariableExpr(i)),Block(None,None),Block(VarDef(i,IntType),AssignVar(i,NumberExpr(6)))),MethodCall(print_int,VariableExpr(i)),MethodCall(print_string,StringConstant(",\r\n"))))))
