Program(ExternFunction(print_int,VoidType,VarDef(IntType)),ExternFunction(print_string,VoidType,VarDef(StringType)),Package(modulus,None,Method(main,IntType,None,MethodBlock(None,MethodCall(print_int,BinaryExpr(Mod,NumberExpr(4),NumberExpr(3))),MethodCall(print_int,BinaryExpr(Mod,NumberExpr(5),NumberExpr(3))),MethodCall(print_int,BinaryExpr(Mod,NumberExpr(6),NumberExpr(3))),MethodCall(print_string,StringConstant("\n")),MethodCall(print_int,BinaryExpr(Mod,UnaryExpr(UnaryMinus,NumberExpr(4)),NumberExpr(3))),MethodCall(print_int,BinaryExpr(Mod,UnaryExpr(UnaryMinus,NumberExpr(5)),NumberExpr(3))),MethodCall(print_int,BinaryExpr(Mod,UnaryExpr(UnaryMinus,NumberExpr(6)),NumberExpr(3))),MethodCall(print_string,StringConstant("\n")),MethodCall(print_int,BinaryExpr(Mod,NumberExpr(4),UnaryExpr(UnaryMinus,NumberExpr(3)))),MethodCall(print_int,BinaryExpr(Mod,NumberExpr(5),UnaryExpr(UnaryMinus,NumberExpr(3)))),MethodCall(print_int,BinaryExpr(Mod,NumberExpr(6),UnaryExpr(UnaryMinus,NumberExpr(3)))),MethodCall(print_string,StringConstant("\n")),MethodCall(print_int,BinaryExpr(Mod,UnaryExpr(UnaryMinus,NumberExpr(4)),UnaryExpr(UnaryMinus,NumberExpr(3)))),MethodCall(print_int,BinaryExpr(Mod,UnaryExpr(UnaryMinus,NumberExpr(5)),UnaryExpr(UnaryMinus,NumberExpr(3)))),MethodCall(print_int,BinaryExpr(Mod,UnaryExpr(UnaryMinus,NumberExpr(6)),UnaryExpr(UnaryMinus,NumberExpr(3)))),MethodCall(print_string,StringConstant("\n"))))))
