Program(ExternFunction(print_string,VoidType,VarDef(StringType)),Package(C,None,Method(main,IntType,None,MethodBlock(None,IfStmt(BinaryExpr(Or,BinaryExpr(And,BoolExpr(True),MethodCall(a,BoolExpr(True))),BinaryExpr(And,MethodCall(man,None),BoolExpr(False))),Block(None,MethodCall(print_string,StringConstant("wat"))),Block(None,MethodCall(print_string,StringConstant(", ")),IfStmt(BinaryExpr(And,MethodCall(a,BoolExpr(False)),MethodCall(canal,None)),Block(None,MethodCall(print_string,StringConstant("foo"))),Block(None,IfStmt(BinaryExpr(Or,BoolExpr(True),MethodCall(canal,None)),Block(None,IfStmt(BinaryExpr(And,BinaryExpr(And,BoolExpr(True),BoolExpr(True)),MethodCall(plan,None)),Block(VarDef(flag,BoolType),AssignVar(flag,BoolExpr(True)),WhileStmt(BinaryExpr(And,VariableExpr(flag),MethodCall(canal,None)),Block(None,MethodCall(print_string,StringConstant("bar")),AssignVar(flag,BoolExpr(False)),ContinueStmt))),Block(None,MethodCall(print_string,StringConstant(", ")),IfStmt(BinaryExpr(Or,MethodCall(a,BoolExpr(False)),BinaryExpr(And,BoolExpr(True),BoolExpr(False))),Block(None,MethodCall(print_string,StringConstant("bash"))),Block(None,IfStmt(BinaryExpr(Or,BinaryExpr(Or,BoolExpr(False),BinaryExpr(And,BoolExpr(True),MethodCall(canal,None))),MethodCall(man,None)),Block(VarDef(flag,BoolType),MethodCall(print_string,StringConstant("--")),AssignVar(flag,BoolExpr(True)),WhileStmt(BinaryExpr(And,VariableExpr(flag),MethodCall(panama,None)),Block(None,AssignVar(flag,BoolExpr(False)),Block(None,Block(None,Block(None,Block(None,MethodCall(print_string,StringConstant("!")),ContinueStmt))))))),None)))))),None))))))),Method(man,BoolType,None,MethodBlock(None,MethodCall(print_string,StringConstant("man")))),Method(plan,BoolType,None,MethodBlock(None,MethodCall(print_string,StringConstant("plan")),ReturnStmt(BoolExpr(False)))),Method(a,BoolType,VarDef(caps,BoolType),MethodBlock(None,IfStmt(VariableExpr(caps),Block(None,MethodCall(print_string,StringConstant("A "))),Block(None,MethodCall(print_string,StringConstant("a ")))),ReturnStmt(BoolExpr(False)))),Method(canal,BoolType,None,MethodBlock(None,MethodCall(print_string,StringConstant("canal")),ReturnStmt(BoolExpr(True)))),Method(panama,BoolType,None,MethodBlock(None,MethodCall(print_string,StringConstant("Panama"))))))
