Program(ExternFunction(print_string,VoidType,VarDef(StringType)),ExternFunction(print_int,VoidType,VarDef(IntType)),Package(TF,FieldDecl(TF,IntType,Array(32)),Method(main,IntType,None,MethodBlock(None,MethodCall(print_string,StringConstant("hello\n")),IfStmt(BinaryExpr(Eq,BoolExpr(True),BoolExpr(False)),Block(None,ReturnStmt(NumberExpr(0))),Block(None,ReturnStmt(NumberExpr(0)))),Block(VarDef(x,IntType),AssignVar(x,NumberExpr(3)),AssignVar(x,BinaryExpr(Minus,VariableExpr(x),NumberExpr(32))),AssignArrayLoc(TF,NumberExpr(0),BinaryExpr(Plus,ArrayLocExpr(TF,NumberExpr(0)),NumberExpr(3))),AssignArrayLoc(TF,NumberExpr(1),BinaryExpr(Div,ArrayLocExpr(TF,NumberExpr(1)),NumberExpr(6))),AssignArrayLoc(TF,NumberExpr(2),BinaryExpr(Mod,ArrayLocExpr(TF,NumberExpr(2)),NumberExpr(3))),AssignArrayLoc(TF,NumberExpr(6),BinaryExpr(Mod,VariableExpr(x),ArrayLocExpr(TF,NumberExpr(2)))))))))
