Program(ExternFunction(print_string,VoidType,VarDef(StringType)),ExternFunction(print_int,VoidType,VarDef(IntType)),Package(whiles,None,Method(main,IntType,None,MethodBlock(VarDef(x,IntType),VarDef(y,IntType),MethodCall(print_string,StringConstant("hello\n")),AssignVar(x,NumberExpr(0)),WhileStmt(BinaryExpr(Lt,VariableExpr(x),NumberExpr(10)),Block(None,AssignVar(x,BinaryExpr(Plus,VariableExpr(x),NumberExpr(1))),IfStmt(BinaryExpr(Eq,VariableExpr(x),NumberExpr(5)),Block(None,ContinueStmt),None),IfStmt(BinaryExpr(Eq,VariableExpr(x),NumberExpr(7)),Block(None,AssignVar(x,NumberExpr(100)),ContinueStmt),None),AssignVar(y,NumberExpr(0)),WhileStmt(BinaryExpr(Lt,VariableExpr(y),NumberExpr(10)),Block(None,AssignVar(y,BinaryExpr(Plus,VariableExpr(y),NumberExpr(1))),IfStmt(BinaryExpr(And,BinaryExpr(Gt,VariableExpr(y),NumberExpr(3)),BinaryExpr(Lt,VariableExpr(y),NumberExpr(5))),Block(None,ContinueStmt),None),IfStmt(BinaryExpr(Eq,VariableExpr(y),NumberExpr(7)),Block(None,BreakStmt),None),MethodCall(print_int,VariableExpr(x)),MethodCall(print_string,StringConstant(",")),MethodCall(print_int,VariableExpr(y)),MethodCall(print_string,StringConstant("\n")))))),ReturnStmt(NumberExpr(0))))))
