Program(ExternFunction(print_int,VoidType,VarDef(IntType)),ExternFunction(print_string,VoidType,VarDef(StringType)),Package(xkcd,None,Method(main,IntType,None,MethodBlock(None,MethodCall(print_int,MethodCall(x,MethodCall(k,MethodCall(c,MethodCall(d,None))))))),Method(x,IntType,VarDef(a,IntType),MethodBlock(None,ReturnStmt(BinaryExpr(Mult,VariableExpr(a),NumberExpr(2))))),Method(k,IntType,VarDef(a,IntType),MethodBlock(None,ReturnStmt(BinaryExpr(Mult,VariableExpr(a),NumberExpr(3))))),Method(c,IntType,VarDef(a,IntType),MethodBlock(None,ReturnStmt(BinaryExpr(Plus,VariableExpr(a),NumberExpr(4))))),Method(d,IntType,None,MethodBlock(None,ReturnStmt(NumberExpr(3))))))
